
> docqa-ui@0.1.0 build
> next build

   ▲ Next.js 15.5.20

   Creating an optimized production build ...
 ✓ Compiled successfully in 4.9s
   Linting and checking validity of types ...
   Collecting page data ...
   Generating static pages (0/8) ...
 ⚠ metadataBase property in metadata export is not set for resolving social open graph or twitter images, using "http://localhost:3000". See https://nextjs.org/docs/app/api-reference/functions/generate-metadata#metadatabase
   Generating static pages (2/8) 
   Generating static pages (4/8) 
   Generating static pages (6/8) 
 ✓ Generating static pages (8/8)
   Finalizing page optimization ...
   Collecting build traces ...

Route (app)                                 Size  First Load JS
┌ ○ /                                    5.67 kB         123 kB
├ ○ /_not-found                            997 B         103 kB
├ ○ /icon.svg                                0 B            0 B
├ ○ /library                             5.92 kB         123 kB
├ ○ /opengraph-image                       123 B         102 kB
└ ○ /usage                               2.39 kB         113 kB
+ First Load JS shared by all             102 kB
  ├ chunks/421-724ad05b7e43d1e9.js       45.8 kB
  ├ chunks/961769a6-8fb08406282dff6b.js  54.2 kB
  └ other shared chunks (total)          1.92 kB


○  (Static)  prerendered as static content

