................FF                                                       [100%]
=================================== FAILURES ===================================
_____ test_database_dimension_and_finite_threshold_are_validated[values0] ______

values = {'embedding_dim': 512}

    @pytest.mark.parametrize("values", [{"embedding_dim": 512}, {"refusal_threshold": float("nan")}])
    def test_database_dimension_and_finite_threshold_are_validated(values):
>       with pytest.raises(ValidationError):
             ^^^^^^^^^^^^^^^^^^^^^^^^^^^^^^
E       Failed: DID NOT RAISE ValidationError

tests/unit/test_settings.py:69: Failed
_____ test_database_dimension_and_finite_threshold_are_validated[values1] ______

values = {'refusal_threshold': nan}

    @pytest.mark.parametrize("values", [{"embedding_dim": 512}, {"refusal_threshold": float("nan")}])
    def test_database_dimension_and_finite_threshold_are_validated(values):
>       with pytest.raises(ValidationError):
             ^^^^^^^^^^^^^^^^^^^^^^^^^^^^^^
E       Failed: DID NOT RAISE ValidationError

tests/unit/test_settings.py:69: Failed
=========================== short test summary info ============================
FAILED tests/unit/test_settings.py::test_database_dimension_and_finite_threshold_are_validated[values0]
FAILED tests/unit/test_settings.py::test_database_dimension_and_finite_threshold_are_validated[values1]
2 failed, 16 passed in 0.19s
