DEPRECATED: The legacy builder is deprecated and will be removed in a future release.
            Install the buildx component to build images with BuildKit:
            https://docs.docker.com/go/buildx/

Sending build context to Docker daemon  219.6kB
Step 1/23 : FROM node:22-alpine AS deps
22-alpine: Pulling from library/node
16da5a640377: Pulling fs layer
efbef6f9e333: Pulling fs layer
a2980c1fee17: Pulling fs layer
16da5a640377: Download complete
a2980c1fee17: Download complete
16a559d14b4b: Download complete
35d06909b2a1: Download complete
efbef6f9e333: Download complete
efbef6f9e333: Pull complete
a2980c1fee17: Pull complete
16da5a640377: Pull complete
Digest: sha256:c610fcdfb1d5b4740dd70c284ed3cb16bb857e0f7166196e36a5501df7a3aa32
Status: Downloaded newer image for node:22-alpine
 ---> c610fcdfb1d5
Step 2/23 : WORKDIR /app
 ---> Running in 6fb578c466cf
 ---> Removed intermediate container 6fb578c466cf
 ---> 27ab1783c34b
Step 3/23 : COPY package.json package-lock.json ./
 ---> a457243bf90e
Step 4/23 : RUN npm ci --no-audit --no-fund
 ---> Running in bc82e5a876c4

added 57 packages in 16s
[91mnpm notice
npm notice New major version of npm available! 10.9.8 -> 12.0.2
npm notice Changelog: https://github.com/npm/cli/releases/tag/v12.0.2
npm notice To update run: npm install -g npm@12.0.2
npm notice
[0m ---> Removed intermediate container bc82e5a876c4
 ---> 848f866217d9
Step 5/23 : FROM node:22-alpine AS build
 ---> c610fcdfb1d5
Step 6/23 : WORKDIR /app
 ---> Using cache
 ---> 27ab1783c34b
Step 7/23 : COPY --from=deps /app/node_modules ./node_modules
 ---> cfc4a7d9d171
Step 8/23 : COPY . .
 ---> 34bc9e438e87
Step 9/23 : ARG NEXT_PUBLIC_API_BASE_URL
 ---> Running in 6b80d78ae914
 ---> Removed intermediate container 6b80d78ae914
 ---> 172e674ce011
Step 10/23 : ARG NEXT_PUBLIC_DEMO_API_KEY
 ---> Running in 69450f25826a
 ---> Removed intermediate container 69450f25826a
 ---> 6188d68b9cd2
Step 11/23 : ARG NEXT_PUBLIC_DEMO_MODE=true
 ---> Running in 2024e968a178
 ---> Removed intermediate container 2024e968a178
 ---> 34b72686f62e
Step 12/23 : ENV NEXT_PUBLIC_API_BASE_URL=$NEXT_PUBLIC_API_BASE_URL     NEXT_PUBLIC_DEMO_API_KEY=$NEXT_PUBLIC_DEMO_API_KEY     NEXT_PUBLIC_DEMO_MODE=$NEXT_PUBLIC_DEMO_MODE
 ---> Running in be463f10d19e
 ---> Removed intermediate container be463f10d19e
 ---> f93c92faac37
Step 13/23 : RUN npm run build
 ---> Running in 9d9a431fb1c1

> docqa-ui@0.1.0 build
> next build

Attention: Next.js now collects completely anonymous telemetry regarding usage.
This information is used to shape Next.js' roadmap and prioritize features.
You can learn more, including how to opt-out if you'd not like to participate in this anonymous program, by visiting the following URL:
https://nextjs.org/telemetry

   ▲ Next.js 15.5.25

   Creating an optimized production build ...
 ✓ Compiled successfully in 6.8s
   Linting and checking validity of types ...
   Collecting page data ...
   Generating static pages (0/8) ...
[91m ⚠ metadataBase property in metadata export is not set for resolving social open graph or twitter images, using "http://localhost:3000". See https://nextjs.org/docs/app/api-reference/functions/generate-metadata#metadatabase
[0m   Generating static pages (2/8) 
   Generating static pages (4/8) 
   Generating static pages (6/8) 
 ✓ Generating static pages (8/8)
   Finalizing page optimization ...
   Collecting build traces ...

Route (app)                                 Size  First Load JS
┌ ○ /                                    5.66 kB         124 kB
├ ○ /_not-found                            991 B         104 kB
├ ○ /icon.svg                                0 B            0 B
├ ○ /library                             6.29 kB         124 kB
├ ○ /opengraph-image                       123 B         103 kB
└ ○ /usage                               2.52 kB         113 kB
+ First Load JS shared by all             103 kB
  ├ chunks/255-37e0f0325134c4d7.js       46.4 kB
  ├ chunks/4bd1b696-c023c6e3521b1417.js  54.2 kB
  └ other shared chunks (total)          1.93 kB


○  (Static)  prerendered as static content

[91mnpm notice
npm notice New major version of npm available! 10.9.8 -> 12.0.2
npm notice Changelog: https://github.com/npm/cli/releases/tag/v12.0.2
npm notice To update run: npm install -g npm@12.0.2
npm notice
[0m ---> Removed intermediate container 9d9a431fb1c1
 ---> aac53eb4188c
Step 14/23 : FROM node:22-alpine
 ---> c610fcdfb1d5
Step 15/23 : WORKDIR /app
 ---> Using cache
 ---> 27ab1783c34b
Step 16/23 : ENV NODE_ENV=production HOSTNAME=0.0.0.0 PORT=3000
 ---> Running in d2214adf571f
 ---> Removed intermediate container d2214adf571f
 ---> 40ebd374c28a
Step 17/23 : RUN adduser -D appuser
 ---> Running in 415a902197fc
 ---> Removed intermediate container 415a902197fc
 ---> d13ee34a52f1
Step 18/23 : COPY --from=build --chown=appuser /app/.next/standalone ./
 ---> 19b434774fc1
Step 19/23 : COPY --from=build --chown=appuser /app/.next/static ./.next/static
 ---> 2564db1e9548
Step 20/23 : COPY --from=build --chown=appuser /app/public ./public
 ---> 3d4621628b5c
Step 21/23 : USER appuser
 ---> Running in 42bc352ffa8b
 ---> Removed intermediate container 42bc352ffa8b
 ---> 6d899ce68df8
Step 22/23 : EXPOSE 3000
 ---> Running in 6066c4dec83b
 ---> Removed intermediate container 6066c4dec83b
 ---> 477a95c7defb
Step 23/23 : CMD ["node", "server.js"]
 ---> Running in a7873d3188f8
 ---> Removed intermediate container a7873d3188f8
 ---> a3c69770dd4f
Successfully built a3c69770dd4f
Successfully tagged docqa-readiness-ui:local
