{"status": "ok", "bundle": "/tmp/docqa-ops-006e482f5c-y_5438au/backups/synthetic", "documents": 1}
Traceback (most recent call last):
  File "/home/horten/VS Code Projects/docqa/deploy/tests/rehearse_ops.py", line 162, in <module>
    main()
    ~~~~^^
  File "/home/horten/VS Code Projects/docqa/deploy/tests/rehearse_ops.py", line 112, in main
    restore_check(bundle, "pgvector/pgvector:pg18")
    ~~~~~~~~~~~~~^^^^^^^^^^^^^^^^^^^^^^^^^^^^^^^^^^
  File "/home/horten/VS Code Projects/docqa/deploy/scripts/backup.py", line 289, in restore_check
    run(
    ~~~^
        [
        ^
    ...<13 lines>...
        stdin=source,
        ^^^^^^^^^^^^^
    )
    ^
  File "/home/horten/VS Code Projects/docqa/deploy/scripts/backup.py", line 45, in run
    raise RuntimeError(
        f"{command[0]} exited {result.returncode}: {result.stderr.decode()[-2000:]}"
    )
RuntimeError: docker exited 1: pg_restore: error: connection to server on socket "/var/run/postgresql/.s.PGSQL.5432" failed: FATAL:  the database system is shutting down

